
[TestDsn - 1]
host=db port=5432 user=postgres password=postgres dbname=name sslmode=disable
---
